// Jest Snapshot v1, https://goo.gl/fbAQLP

exports[`brokenLinks getBrokenLinksErrorMessage 1`] = `
"Broken links found!
Please check the pages of your site in the list bellow, and  make sure you don't reference any path that does not exist
Note: it's possible to ignore broken links with the 'onBrokenLinks' Docusaurus configuration, and let the build pass.



- Page path = /docs/mySourcePage:
   -> link to ./myBrokenLink (resolved as: /docs/myBrokenLink)
   -> link to ../otherBrokenLink (resolved as: /otherBrokenLink)


- Page path = /otherSourcePage:
   -> link to /badLink
"
`;
